// Vitest Snapshot v1, https://vitest.dev/guide/snapshot.html

exports[`esbuild > generate mode 1`] = `
"// <stdout>
// tests/fixtures/basic/component.tsx
function Component() {
  return /* @__PURE__ */ React.createElement("div", null, "I'm a div in a tsx component!");
}

// tests/fixtures/basic/main.ts
function hello(s) {
  return "hello" + s;
}
var c = Component;
var num = 1;
export {
  c,
  hello,
  num
};

// temp/component.d.ts
export declare function Component(): React.JSX.Element;

// temp/main.d.ts
import { type Num } from './types';
export type Str = string;
export declare function hello(s: Str): Str;
export declare let c: React.JSX.Element;
export declare let num: Num;

// temp/types.d.ts
import type { Num2 } from './types2';
export type Num = Num2;

// temp/types2.d.ts
export type Num2 = number;
"
`;

exports[`esbuild > write mode 1`] = `
[
  "// component.d.ts
export declare function Component(): React.JSX.Element;
//# sourceMappingURL=component.d.ts.map",
  "// component.d.ts.map
{"version":3,"file":"component.d.ts","sourceRoot":"","sources":["../../../../fixtures/basic/component.tsx"],"names":[],"mappings":"AAAA,wBAAgB,SAAS,IAAI,KAAK,CAAC,GAAG,CAAC,OAAO,CAE7C"}",
  "// main.d.ts
import { type Num } from './types';
export type Str = string;
export declare function hello(s: Str): Str;
export declare let c: React.JSX.Element;
export declare let num: Num;
//# sourceMappingURL=main.d.ts.map",
  "// main.d.ts.map
{"version":3,"file":"main.d.ts","sourceRoot":"","sources":["../../../../fixtures/basic/main.ts"],"names":[],"mappings":"AAAA,OAAO,EAAE,KAAK,GAAG,EAAE,MAAM,SAAS,CAAA;AAElC,MAAM,MAAM,GAAG,GAAG,MAAM,CAAA;AAExB,wBAAgB,KAAK,CAAC,CAAC,EAAE,GAAG,GAAG,GAAG,CAEjC;AAED,eAAO,IAAI,CAAC,EAAE,KAAK,CAAC,GAAG,CAAC,OAAmB,CAAA;AAE3C,eAAO,IAAI,GAAG,EAAE,GAAO,CAAA"}",
  "// types.d.ts
import type { Num2 } from './types2';
export type Num = Num2;
//# sourceMappingURL=types.d.ts.map",
  "// types.d.ts.map
{"version":3,"file":"types.d.ts","sourceRoot":"","sources":["../../../../fixtures/basic/types.ts"],"names":[],"mappings":"AAAA,OAAO,KAAK,EAAE,IAAI,EAAE,MAAM,UAAU,CAAA;AACpC,MAAM,MAAM,GAAG,GAAG,IAAI,CAAA"}",
  "// types2.d.ts
export type Num2 = number;
//# sourceMappingURL=types2.d.ts.map",
  "// types2.d.ts.map
{"version":3,"file":"types2.d.ts","sourceRoot":"","sources":["../../../../fixtures/basic/types2.ts"],"names":[],"mappings":"AACA,MAAM,MAAM,IAAI,GAAG,MAAM,CAAA"}",
]
`;
