// Vitest Snapshot v1, https://vitest.dev/guide/snapshot.html

exports[`rolldown 1`] = `
"// main.js
import { jsx as _jsx } from "react/jsx-runtime";

//#region tests/fixtures/basic/component.tsx
function Component() {
	return _jsx("div", { children: "I'm a div in a tsx component!" });
}

//#endregion
//#region tests/fixtures/basic/main.ts
function hello(s) {
	return "hello" + s;
}
let c = Component;
let num = 1;

//#endregion
export { c, hello, num };
// temp/component.d.ts
export declare function Component(): React.JSX.Element;

//# sourceMappingURL=component.d.ts.map
// temp/component.d.ts.map
{"version":3,"file":"component.d.ts","sourceRoot":"","sources":["../../../../fixtures/basic/component.tsx"],"names":[],"mappings":"AAAA,OAAO,iBAAS,aAAa,MAAM,IAAI"}
// temp/main.d.ts
import { type Num } from "../temp/types.js";
export type Str = string;
export declare function hello(s: Str): Str;
export declare let c: React.JSX.Element;
export declare let num: Num;

//# sourceMappingURL=main.d.ts.map
// temp/main.d.ts.map
{"version":3,"file":"main.d.ts","sourceRoot":"","sources":["../../../../fixtures/basic/main.ts"],"names":[],"mappings":"AAAA,cAAc,WAAW,SAAS;AAElC,YAAY;AAEZ,OAAO,iBAAS,MAAMA,GAAG,MAAM;AAI/B,OAAO,YAAIC,GAAG,MAAM,IAAI;AAExB,OAAO,YAAIC,KAAK"}
// temp/types.d.ts
import type { Num2 } from "../temp/types2.js";
export type Num = Num2;

//# sourceMappingURL=types.d.ts.map
// temp/types.d.ts.map
{"version":3,"file":"types.d.ts","sourceRoot":"","sources":["../../../../fixtures/basic/types.ts"],"names":[],"mappings":"AAAA,cAAc,YAAY,UAAU;AACpC,YAAY,MAAM"}
// temp/types2.d.ts
export type Num2 = number;

//# sourceMappingURL=types2.d.ts.map
// temp/types2.d.ts.map
{"version":3,"file":"types2.d.ts","sourceRoot":"","sources":["../../../../fixtures/basic/types2.ts"],"names":[],"mappings":"AACA,YAAY"}"
`;
